Release 14.5 - xst P.58f (nt64)
Copyright (c) 1995-2012 Xilinx, Inc.  All rights reserved.
--> Parameter TMPDIR set to xst/projnav.tmp


Total REAL time to Xst completion: 1.00 secs
Total CPU time to Xst completion: 0.09 secs
 
--> Parameter xsthdpdir set to xst


Total REAL time to Xst completion: 1.00 secs
Total CPU time to Xst completion: 0.09 secs
 
--> Reading design: LCD_AUX.prj

TABLE OF CONTENTS
  1) Synthesis Options Summary
  2) HDL Compilation
  3) Design Hierarchy Analysis
  4) HDL Analysis
  5) HDL Synthesis
     5.1) HDL Synthesis Report
  6) Advanced HDL Synthesis
     6.1) Advanced HDL Synthesis Report
  7) Low Level Synthesis
  8) Partition Report
  9) Final Report
	9.1) Device utilization summary
	9.2) Partition Resource Summary
	9.3) TIMING REPORT


=========================================================================
*                      Synthesis Options Summary                        *
=========================================================================
---- Source Parameters
Input File Name                    : "LCD_AUX.prj"
Input Format                       : mixed
Ignore Synthesis Constraint File   : NO

---- Target Parameters
Output File Name                   : "LCD_AUX"
Output Format                      : NGC
Target Device                      : xc3s500e-4-fg320

---- Source Options
Top Module Name                    : LCD_AUX
Automatic FSM Extraction           : YES
FSM Encoding Algorithm             : Auto
Safe Implementation                : No
FSM Style                          : LUT
RAM Extraction                     : Yes
RAM Style                          : Auto
ROM Extraction                     : Yes
Mux Style                          : Auto
Decoder Extraction                 : YES
Priority Encoder Extraction        : Yes
Shift Register Extraction          : YES
Logical Shifter Extraction         : YES
XOR Collapsing                     : YES
ROM Style                          : Auto
Mux Extraction                     : Yes
Resource Sharing                   : YES
Asynchronous To Synchronous        : NO
Multiplier Style                   : Auto
Automatic Register Balancing       : No

---- Target Options
Add IO Buffers                     : YES
Global Maximum Fanout              : 100000
Add Generic Clock Buffer(BUFG)     : 24
Register Duplication               : YES
Slice Packing                      : YES
Optimize Instantiated Primitives   : NO
Use Clock Enable                   : Yes
Use Synchronous Set                : Yes
Use Synchronous Reset              : Yes
Pack IO Registers into IOBs        : Auto
Equivalent register Removal        : YES

---- General Options
Optimization Goal                  : Speed
Optimization Effort                : 1
Keep Hierarchy                     : No
Netlist Hierarchy                  : As_Optimized
RTL Output                         : Yes
Global Optimization                : AllClockNets
Read Cores                         : YES
Write Timing Constraints           : NO
Cross Clock Analysis               : NO
Hierarchy Separator                : /
Bus Delimiter                      : <>
Case Specifier                     : Maintain
Slice Utilization Ratio            : 100
BRAM Utilization Ratio             : 100
Verilog 2001                       : YES
Auto BRAM Packing                  : NO
Slice Utilization Ratio Delta      : 5

=========================================================================


=========================================================================
*                          HDL Compilation                              *
=========================================================================
Compiling vhdl file "C:/Users/aula/Downloads/CompDig/CPU/CPURight/COMMANDS_LCD4BITS.vhd" in Library work.
Architecture commands_lcd4bits of Entity commands_lcd4bits is up to date.
Compiling vhdl file "C:/Users/aula/Downloads/CompDig/CPU/CPURight/db_fsm.vhf" in Library work.
Architecture behavioral of Entity ftce_mxilinx_db_fsm is up to date.
Architecture behavioral of Entity cb16ce_mxilinx_db_fsm is up to date.
Architecture behavioral of Entity db_fsm is up to date.
Compiling vhdl file "C:/Users/aula/Downloads/CompDig/CPU/CPURight/PROCESADOR_LCD4BITS.vhd" in Library work.
Architecture behavioral of Entity procesador_lcd4bits is up to date.
Compiling vhdl file "C:/Users/aula/Downloads/CompDig/CPU/CPURight/LCD_AUX.vhd" in Library work.
Entity <lcd_aux> compiled.
Entity <lcd_aux> (Architecture <behavioral>) compiled.

=========================================================================
*                     Design Hierarchy Analysis                         *
=========================================================================
Analyzing hierarchy for entity <LCD_AUX> in library <work> (architecture <behavioral>).

Analyzing hierarchy for entity <db_fsm> in library <work> (architecture <behavioral>).

Analyzing hierarchy for entity <procesador_lcd4bits> in library <work> (architecture <behavioral>).

Analyzing hierarchy for entity <CB16CE_MXILINX_db_fsm> in library <work> (architecture <behavioral>).

Analyzing hierarchy for entity <FTCE_MXILINX_db_fsm> in library <work> (architecture <behavioral>) with generics.
	INIT = '0'


=========================================================================
*                            HDL Analysis                               *
=========================================================================
Analyzing Entity <LCD_AUX> in library <work> (Architecture <behavioral>).
WARNING:Xst:753 - "C:/Users/aula/Downloads/CompDig/CPU/CPURight/LCD_AUX.vhd" line 74: Unconnected output port 'bd_lcd' of component 'procesador_lcd4bits'.
INFO:Xst:1433 - Contents of array <inst> may be accessed with an index that exceeds the array size. This could cause simulation mismatch.
WARNING:Xst:819 - "C:/Users/aula/Downloads/CompDig/CPU/CPURight/LCD_AUX.vhd" line 114: One or more signals are missing in the process sensitivity list. To enable synthesis of FPGA/CPLD hardware, XST will assume that all necessary signals are present in the sensitivity list. Please note that the result of the synthesis may differ from the initial design specification. The missing signals are:
   <clk>
WARNING:Xst:819 - "C:/Users/aula/Downloads/CompDig/CPU/CPURight/LCD_AUX.vhd" line 107: One or more signals are missing in the process sensitivity list. To enable synthesis of FPGA/CPLD hardware, XST will assume that all necessary signals are present in the sensitivity list. Please note that the result of the synthesis may differ from the initial design specification. The missing signals are:
   <newChar>, <str_select>, <positionCounter>, <s1>, <s2>, <s3>, <s4>, <s5>
Entity <LCD_AUX> analyzed. Unit <LCD_AUX> generated.

Analyzing Entity <db_fsm> in library <work> (Architecture <behavioral>).
    Set user-defined property "INIT =  0" for instance <XLXI_30> in unit <db_fsm>.
    Set user-defined property "INIT =  0" for instance <XLXI_31> in unit <db_fsm>.
    Set user-defined property "INIT =  0" for instance <XLXI_40> in unit <db_fsm>.
WARNING:Xst:753 - "C:/Users/aula/Downloads/CompDig/CPU/CPURight/db_fsm.vhf" line 487: Unconnected output port 'CEO' of component 'CB16CE_MXILINX_db_fsm'.
WARNING:Xst:753 - "C:/Users/aula/Downloads/CompDig/CPU/CPURight/db_fsm.vhf" line 487: Unconnected output port 'Q' of component 'CB16CE_MXILINX_db_fsm'.
    Set user-defined property "HU_SET =  XLXI_46_16" for instance <XLXI_46> in unit <db_fsm>.
Entity <db_fsm> analyzed. Unit <db_fsm> generated.

Analyzing Entity <CB16CE_MXILINX_db_fsm> in library <work> (Architecture <behavioral>).
    Set user-defined property "HU_SET =  I_Q0_1" for instance <I_Q0> in unit <CB16CE_MXILINX_db_fsm>.
    Set user-defined property "HU_SET =  I_Q1_0" for instance <I_Q1> in unit <CB16CE_MXILINX_db_fsm>.
    Set user-defined property "HU_SET =  I_Q2_3" for instance <I_Q2> in unit <CB16CE_MXILINX_db_fsm>.
    Set user-defined property "HU_SET =  I_Q3_2" for instance <I_Q3> in unit <CB16CE_MXILINX_db_fsm>.
    Set user-defined property "HU_SET =  I_Q4_7" for instance <I_Q4> in unit <CB16CE_MXILINX_db_fsm>.
    Set user-defined property "HU_SET =  I_Q5_6" for instance <I_Q5> in unit <CB16CE_MXILINX_db_fsm>.
    Set user-defined property "HU_SET =  I_Q6_5" for instance <I_Q6> in unit <CB16CE_MXILINX_db_fsm>.
    Set user-defined property "HU_SET =  I_Q7_4" for instance <I_Q7> in unit <CB16CE_MXILINX_db_fsm>.
    Set user-defined property "HU_SET =  I_Q8_8" for instance <I_Q8> in unit <CB16CE_MXILINX_db_fsm>.
    Set user-defined property "HU_SET =  I_Q9_9" for instance <I_Q9> in unit <CB16CE_MXILINX_db_fsm>.
    Set user-defined property "HU_SET =  I_Q10_10" for instance <I_Q10> in unit <CB16CE_MXILINX_db_fsm>.
    Set user-defined property "HU_SET =  I_Q11_11" for instance <I_Q11> in unit <CB16CE_MXILINX_db_fsm>.
    Set user-defined property "HU_SET =  I_Q12_12" for instance <I_Q12> in unit <CB16CE_MXILINX_db_fsm>.
    Set user-defined property "HU_SET =  I_Q13_13" for instance <I_Q13> in unit <CB16CE_MXILINX_db_fsm>.
    Set user-defined property "HU_SET =  I_Q14_14" for instance <I_Q14> in unit <CB16CE_MXILINX_db_fsm>.
    Set user-defined property "HU_SET =  I_Q15_15" for instance <I_Q15> in unit <CB16CE_MXILINX_db_fsm>.
Entity <CB16CE_MXILINX_db_fsm> analyzed. Unit <CB16CE_MXILINX_db_fsm> generated.

Analyzing generic Entity <FTCE_MXILINX_db_fsm> in library <work> (Architecture <behavioral>).
	INIT = '0'
    Set user-defined property "INIT =  0" for instance <I_36_35> in unit <FTCE_MXILINX_db_fsm>.
    Set user-defined property "RLOC =  X0Y0" for instance <I_36_35> in unit <FTCE_MXILINX_db_fsm>.
Entity <FTCE_MXILINX_db_fsm> analyzed. Unit <FTCE_MXILINX_db_fsm> generated.

Analyzing Entity <procesador_lcd4bits> in library <work> (Architecture <behavioral>).
INFO:Xst:2679 - Register <RW> in unit <procesador_lcd4bits> has a constant value of 0 during circuit operation. The register is replaced by logic.
Entity <procesador_lcd4bits> analyzed. Unit <procesador_lcd4bits> generated.


=========================================================================
*                           HDL Synthesis                               *
=========================================================================

Performing bidirectional port resolution...

Synthesizing Unit <procesador_lcd4bits>.
    Related source file is "C:/Users/aula/Downloads/CompDig/CPU/CPURight/PROCESADOR_LCD4BITS.vhd".
WARNING:Xst:646 - Signal <VEC_POS<11:8>> is assigned but never used. This unconnected signal will be trimmed during the optimization process.
WARNING:Xst:646 - Signal <DATA_CHAR<11:8>> is assigned but never used. This unconnected signal will be trimmed during the optimization process.
    Found finite state machine <FSM_0> for signal <CONTA_CHAR>.
    -----------------------------------------------------------------------
    | States             | 8                                              |
    | Transitions        | 16                                             |
    | Inputs             | 1                                              |
    | Outputs            | 7                                              |
    | Clock              | CLK                       (rising_edge)        |
    | Clock enable       | CONTA_CHAR$cmp_eq0000     (positive)           |
    | Power Up State     | 0001                                           |
    | Encoding           | automatic                                      |
    | Implementation     | LUT                                            |
    -----------------------------------------------------------------------
    Using one-hot encoding for signal <ESTADO>.
INFO:Xst:2117 - HDL ADVISOR - Mux Selector <ESTADO> of Case statement line 98 was re-encoded using one-hot encoding. The case statement will be optimized (default statement optimization), but this optimization may lead to design initialization problems. To ensure the design works safely, you can:
   	- add an 'INIT' attribute on signal <ESTADO> (optimization is then done without any risk)
   	- use the attribute 'signal_encoding user' to avoid onehot optimization
   	- use the attribute 'safe_implementation yes' to force XST to perform a safe (but less efficient) optimization
    Using one-hot encoding for signal <ESTADO_PRESENTE>.
    Found 1-bit register for signal <ENA>.
    Found 8-bit register for signal <BD_LCD>.
    Found 1-bit register for signal <RS>.
    Found 4-bit register for signal <DATA>.
    Found 2-bit register for signal <CONF_CURSOR>.
    Found 19-bit register for signal <CONTA_DELAY>.
    Found 19-bit adder for signal <CONTA_DELAY$addsub0000>.
    Found 12-bit register for signal <DATA_CHAR>.
    Found 12-bit subtractor for signal <DATA_CHAR$addsub0000>.
    Found 12-bit comparator greater for signal <DATA_CHAR$cmp_gt0000> created at line 112.
    Found 12-bit comparator greater for signal <DATA_CHAR$cmp_gt0001> created at line 105.
    Found 12-bit comparator lessequal for signal <DATA_CHAR$cmp_le0000> created at line 107.
    Found 12-bit comparator less for signal <DATA_CHAR$cmp_lt0000> created at line 112.
    Found 12-bit comparator less for signal <DATA_CHAR$cmp_lt0001> created at line 105.
    Found 11-bit register for signal <DIR_BI>.
    Found 19-bit comparator lessequal for signal <ENA$cmp_le0000> created at line 514.
    Found 19-bit comparator less for signal <ENA$cmp_lt0000> created at line 167.
    Found 20-bit register for signal <ESTADO>.
    Found 12-bit comparator greatequal for signal <ESTADO$cmp_ge0000> created at line 105.
    Found 12-bit comparator greatequal for signal <ESTADO$cmp_ge0001> created at line 112.
    Found 12-bit comparator greatequal for signal <ESTADO$cmp_ge0002> created at line 117.
    Found 12-bit comparator greatequal for signal <ESTADO$cmp_ge0003> created at line 138.
    Found 12-bit comparator greatequal for signal <ESTADO$cmp_ge0004> created at line 141.
    Found 12-bit comparator lessequal for signal <ESTADO$cmp_le0000> created at line 105.
    Found 12-bit comparator lessequal for signal <ESTADO$cmp_le0001> created at line 112.
    Found 12-bit comparator lessequal for signal <ESTADO$cmp_le0002> created at line 117.
    Found 12-bit comparator lessequal for signal <ESTADO$cmp_le0003> created at line 138.
    Found 12-bit comparator lessequal for signal <ESTADO$cmp_le0004> created at line 141.
    Found 20-bit register for signal <ESTADO_FUTURO>.
    Found 11-bit register for signal <ESTADO_PRESENTE>.
    Found 11-bit register for signal <INC_DIR_S>.
    Found 11-bit adder for signal <INC_DIR_S$share0000> created at line 98.
    Found 1-bit register for signal <MANDAR_BAJO>.
    Found 40-bit register for signal <VEC_C_CHAR>.
    Found 40-bit 4-to-1 multiplexer for signal <VEC_C_CHAR$mux0000>.
    Found 8-bit register for signal <VEC_L_RAM>.
    Found 12-bit register for signal <VEC_POS>.
    Found 12-bit comparator greater for signal <VEC_POS$cmp_gt0000> created at line 121.
    Found 12-bit comparator greater for signal <VEC_POS$cmp_gt0001> created at line 117.
    Found 12-bit comparator lessequal for signal <VEC_POS$cmp_le0000> created at line 121.
    Found 12-bit comparator less for signal <VEC_POS$cmp_lt0000> created at line 122.
    Found 12-bit comparator less for signal <VEC_POS$cmp_lt0001> created at line 117.
    Found 12-bit subtractor for signal <VEC_POS$mux0000>.
    Found 8-bit register for signal <VEC_RAM>.
    Summary:
	inferred   1 Finite State Machine(s).
	inferred 189 D-type flip-flop(s).
	inferred   4 Adder/Subtractor(s).
	inferred  22 Comparator(s).
	inferred  40 Multiplexer(s).
Unit <procesador_lcd4bits> synthesized.


Synthesizing Unit <FTCE_MXILINX_db_fsm>.
    Related source file is "C:/Users/aula/Downloads/CompDig/CPU/CPURight/db_fsm.vhf".
Unit <FTCE_MXILINX_db_fsm> synthesized.


Synthesizing Unit <CB16CE_MXILINX_db_fsm>.
    Related source file is "C:/Users/aula/Downloads/CompDig/CPU/CPURight/db_fsm.vhf".
Unit <CB16CE_MXILINX_db_fsm> synthesized.


Synthesizing Unit <db_fsm>.
    Related source file is "C:/Users/aula/Downloads/CompDig/CPU/CPURight/db_fsm.vhf".
Unit <db_fsm> synthesized.


Synthesizing Unit <LCD_AUX>.
    Related source file is "C:/Users/aula/Downloads/CompDig/CPU/CPURight/LCD_AUX.vhd".
WARNING:Xst:653 - Signal <s5> is used but never assigned. This sourceless signal will be automatically connected to value 01000101011100100111001001101111.
WARNING:Xst:653 - Signal <s4> is used but never assigned. This sourceless signal will be automatically connected to value 010100000101011101000100.
WARNING:Xst:653 - Signal <s3> is used but never assigned. This sourceless signal will be automatically connected to value 0100111101001011.
WARNING:Xst:653 - Signal <s2> is used but never assigned. This sourceless signal will be automatically connected to value 0111001101100101011011100110100001100001.
WARNING:Xst:653 - Signal <s1> is used but never assigned. This sourceless signal will be automatically connected to value 010000110010000001101111011101010010000001000001.
WARNING:Xst:1781 - Signal <inst<8:60>> is used but never assigned. Tied to default value.
WARNING:Xst:737 - Found 8-bit latch for signal <aux>. Latches may be generated from incomplete case or if statements. We do not recommend the use of latches in FPGA/CPLD designs, as they may lead to timing problems.
WARNING:Xst:737 - Found 32-bit latch for signal <positionCounter>. Latches may be generated from incomplete case or if statements. We do not recommend the use of latches in FPGA/CPLD designs, as they may lead to timing problems.
    Using one-hot encoding for signal <counterRow>.
WARNING:Xst:737 - Found 1-bit latch for signal <stop>. Latches may be generated from incomplete case or if statements. We do not recommend the use of latches in FPGA/CPLD designs, as they may lead to timing problems.
INFO:Xst:2371 - HDL ADVISOR - Logic functions respectively driving the data and gate enable inputs of this latch share common terms. This situation will potentially lead to setup/hold violations and, as a result, to simulation problems. This situation may come from an incomplete case statement (all selector values are not covered). You should carefully review if it was in your intentions to describe such a latch.
    Found 32-bit up counter for signal <counterCol>.
    Found 2-bit register for signal <counterRow>.
    Found 1-bit register for signal <newChar>.
    Found 32-bit adder for signal <positionCounter$addsub0000> created at line 158.
    Found 32-bit comparator greatequal for signal <stop$cmp_ge0000> created at line 126.
    Found 32-bit comparator greatequal for signal <stop$cmp_ge0001> created at line 129.
    Found 32-bit comparator greatequal for signal <stop$cmp_ge0002> created at line 135.
    Found 32-bit comparator greatequal for signal <stop$cmp_ge0003> created at line 141.
    Found 32-bit comparator greatequal for signal <stop$cmp_ge0004> created at line 147.
    Found 32-bit comparator less for signal <stop$cmp_lt0000> created at line 126.
    Found 32-bit comparator less for signal <stop$cmp_lt0001> created at line 129.
    Found 32-bit comparator less for signal <stop$cmp_lt0002> created at line 135.
    Found 32-bit comparator less for signal <stop$cmp_lt0003> created at line 141.
    Found 32-bit comparator less for signal <stop$cmp_lt0004> created at line 147.
    Found 12-bit 61-to-1 multiplexer for signal <vector_mem_s>.
    Summary:
	inferred   1 Counter(s).
	inferred   1 D-type flip-flop(s).
	inferred   1 Adder/Subtractor(s).
	inferred  10 Comparator(s).
	inferred  12 Multiplexer(s).
Unit <LCD_AUX> synthesized.

INFO:Xst:1767 - HDL ADVISOR - Resource sharing has identified that some arithmetic operations in this design can share the same physical resources for reduced device utilization. For improved clock frequency you may try to disable resource sharing.

=========================================================================
HDL Synthesis Report

Macro Statistics
# Adders/Subtractors                                   : 5
 11-bit adder                                          : 1
 12-bit subtractor                                     : 2
 19-bit adder                                          : 1
 32-bit adder                                          : 1
# Counters                                             : 1
 32-bit up counter                                     : 1
# Registers                                            : 19
 1-bit register                                        : 4
 11-bit register                                       : 3
 12-bit register                                       : 2
 19-bit register                                       : 1
 2-bit register                                        : 2
 20-bit register                                       : 2
 4-bit register                                        : 1
 40-bit register                                       : 1
 8-bit register                                        : 3
# Latches                                              : 3
 1-bit latch                                           : 1
 32-bit latch                                          : 1
 8-bit latch                                           : 1
# Comparators                                          : 32
 12-bit comparator greatequal                          : 5
 12-bit comparator greater                             : 4
 12-bit comparator less                                : 4
 12-bit comparator lessequal                           : 7
 19-bit comparator less                                : 1
 19-bit comparator lessequal                           : 1
 32-bit comparator greatequal                          : 5
 32-bit comparator less                                : 5
# Multiplexers                                         : 2
 12-bit 61-to-1 multiplexer                            : 1
 40-bit 4-to-1 multiplexer                             : 1

=========================================================================

=========================================================================
*                       Advanced HDL Synthesis                          *
=========================================================================

Analyzing FSM <FSM_0> for best encoding.
Optimizing FSM <inst_procesador_lcd4bits/CONTA_CHAR/FSM> on signal <CONTA_CHAR[1:3]> with sequential encoding.
-------------------
 State | Encoding
-------------------
 0001  | 000
 0010  | 001
 0011  | 010
 0100  | 011
 0101  | 100
 0110  | 101
 0111  | 110
 1000  | 111
-------------------
WARNING:Xst:1710 - FF/Latch <VEC_L_RAM_3> (without init value) has a constant value of 0 in block <inst_procesador_lcd4bits>. This FF/Latch will be trimmed during the optimization process.
WARNING:Xst:1710 - FF/Latch <VEC_L_RAM_4> (without init value) has a constant value of 0 in block <inst_procesador_lcd4bits>. This FF/Latch will be trimmed during the optimization process.
WARNING:Xst:1710 - FF/Latch <VEC_L_RAM_5> (without init value) has a constant value of 0 in block <inst_procesador_lcd4bits>. This FF/Latch will be trimmed during the optimization process.
WARNING:Xst:1710 - FF/Latch <VEC_L_RAM_6> (without init value) has a constant value of 0 in block <inst_procesador_lcd4bits>. This FF/Latch will be trimmed during the optimization process.
WARNING:Xst:1710 - FF/Latch <VEC_L_RAM_7> (without init value) has a constant value of 0 in block <inst_procesador_lcd4bits>. This FF/Latch will be trimmed during the optimization process.
WARNING:Xst:1293 - FF/Latch <ESTADO_FUTURO_1> has a constant value of 0 in block <inst_procesador_lcd4bits>. This FF/Latch will be trimmed during the optimization process.
WARNING:Xst:1293 - FF/Latch <ESTADO_FUTURO_9> has a constant value of 0 in block <inst_procesador_lcd4bits>. This FF/Latch will be trimmed during the optimization process.
WARNING:Xst:1293 - FF/Latch <ESTADO_FUTURO_10> has a constant value of 0 in block <inst_procesador_lcd4bits>. This FF/Latch will be trimmed during the optimization process.
WARNING:Xst:1293 - FF/Latch <ESTADO_FUTURO_12> has a constant value of 0 in block <inst_procesador_lcd4bits>. This FF/Latch will be trimmed during the optimization process.
WARNING:Xst:1293 - FF/Latch <ESTADO_FUTURO_18> has a constant value of 0 in block <inst_procesador_lcd4bits>. This FF/Latch will be trimmed during the optimization process.
WARNING:Xst:1293 - FF/Latch <ESTADO_FUTURO_19> has a constant value of 0 in block <inst_procesador_lcd4bits>. This FF/Latch will be trimmed during the optimization process.
WARNING:Xst:1710 - FF/Latch <VEC_RAM_0> (without init value) has a constant value of 0 in block <inst_procesador_lcd4bits>. This FF/Latch will be trimmed during the optimization process.
WARNING:Xst:1710 - FF/Latch <VEC_RAM_1> (without init value) has a constant value of 0 in block <inst_procesador_lcd4bits>. This FF/Latch will be trimmed during the optimization process.
WARNING:Xst:1710 - FF/Latch <VEC_RAM_2> (without init value) has a constant value of 0 in block <inst_procesador_lcd4bits>. This FF/Latch will be trimmed during the optimization process.
WARNING:Xst:1710 - FF/Latch <VEC_RAM_7> (without init value) has a constant value of 0 in block <inst_procesador_lcd4bits>. This FF/Latch will be trimmed during the optimization process.
WARNING:Xst:2677 - Node <DATA_CHAR_8> of sequential type is unconnected in block <inst_procesador_lcd4bits>.
WARNING:Xst:2677 - Node <DATA_CHAR_9> of sequential type is unconnected in block <inst_procesador_lcd4bits>.
WARNING:Xst:2677 - Node <DATA_CHAR_10> of sequential type is unconnected in block <inst_procesador_lcd4bits>.
WARNING:Xst:2677 - Node <DATA_CHAR_11> of sequential type is unconnected in block <inst_procesador_lcd4bits>.
WARNING:Xst:2677 - Node <VEC_POS_8> of sequential type is unconnected in block <inst_procesador_lcd4bits>.
WARNING:Xst:2677 - Node <VEC_POS_9> of sequential type is unconnected in block <inst_procesador_lcd4bits>.
WARNING:Xst:2677 - Node <VEC_POS_10> of sequential type is unconnected in block <inst_procesador_lcd4bits>.
WARNING:Xst:2677 - Node <VEC_POS_11> of sequential type is unconnected in block <inst_procesador_lcd4bits>.
WARNING:Xst:2677 - Node <DATA_CHAR_8> of sequential type is unconnected in block <procesador_lcd4bits>.
WARNING:Xst:2677 - Node <DATA_CHAR_9> of sequential type is unconnected in block <procesador_lcd4bits>.
WARNING:Xst:2677 - Node <DATA_CHAR_10> of sequential type is unconnected in block <procesador_lcd4bits>.
WARNING:Xst:2677 - Node <DATA_CHAR_11> of sequential type is unconnected in block <procesador_lcd4bits>.
WARNING:Xst:2677 - Node <ESTADO_PRESENTE_0> of sequential type is unconnected in block <procesador_lcd4bits>.
WARNING:Xst:2677 - Node <ESTADO_PRESENTE_2> of sequential type is unconnected in block <procesador_lcd4bits>.
WARNING:Xst:2677 - Node <VEC_POS_8> of sequential type is unconnected in block <procesador_lcd4bits>.
WARNING:Xst:2677 - Node <VEC_POS_9> of sequential type is unconnected in block <procesador_lcd4bits>.
WARNING:Xst:2677 - Node <VEC_POS_10> of sequential type is unconnected in block <procesador_lcd4bits>.
WARNING:Xst:2677 - Node <VEC_POS_11> of sequential type is unconnected in block <procesador_lcd4bits>.

=========================================================================
Advanced HDL Synthesis Report

Macro Statistics
# FSMs                                                 : 1
# Adders/Subtractors                                   : 5
 11-bit adder                                          : 1
 12-bit subtractor                                     : 2
 19-bit adder                                          : 1
 32-bit adder                                          : 1
# Counters                                             : 1
 32-bit up counter                                     : 1
# Registers                                            : 201
 Flip-Flops                                            : 201
# Latches                                              : 3
 1-bit latch                                           : 1
 32-bit latch                                          : 1
 8-bit latch                                           : 1
# Comparators                                          : 32
 12-bit comparator greatequal                          : 5
 12-bit comparator greater                             : 4
 12-bit comparator less                                : 4
 12-bit comparator lessequal                           : 7
 19-bit comparator less                                : 1
 19-bit comparator lessequal                           : 1
 32-bit comparator greatequal                          : 5
 32-bit comparator less                                : 5
# Multiplexers                                         : 2
 12-bit 61-to-1 multiplexer                            : 1
 40-bit 4-to-1 multiplexer                             : 1

=========================================================================

=========================================================================
*                         Low Level Synthesis                           *
=========================================================================
WARNING:Xst:1710 - FF/Latch <VEC_RAM_7> (without init value) has a constant value of 0 in block <procesador_lcd4bits>. This FF/Latch will be trimmed during the optimization process.
WARNING:Xst:1895 - Due to other FF/Latch trimming, FF/Latch <VEC_RAM_2> (without init value) has a constant value of 0 in block <procesador_lcd4bits>. This FF/Latch will be trimmed during the optimization process.
WARNING:Xst:1895 - Due to other FF/Latch trimming, FF/Latch <VEC_RAM_1> (without init value) has a constant value of 0 in block <procesador_lcd4bits>. This FF/Latch will be trimmed during the optimization process.
WARNING:Xst:1895 - Due to other FF/Latch trimming, FF/Latch <VEC_RAM_0> (without init value) has a constant value of 0 in block <procesador_lcd4bits>. This FF/Latch will be trimmed during the optimization process.
WARNING:Xst:1896 - Due to other FF/Latch trimming, FF/Latch <ESTADO_PRESENTE_1> has a constant value of 0 in block <procesador_lcd4bits>. This FF/Latch will be trimmed during the optimization process.
WARNING:Xst:1896 - Due to other FF/Latch trimming, FF/Latch <ESTADO_FUTURO_19> has a constant value of 0 in block <procesador_lcd4bits>. This FF/Latch will be trimmed during the optimization process.
WARNING:Xst:1896 - Due to other FF/Latch trimming, FF/Latch <ESTADO_FUTURO_18> has a constant value of 0 in block <procesador_lcd4bits>. This FF/Latch will be trimmed during the optimization process.
WARNING:Xst:1896 - Due to other FF/Latch trimming, FF/Latch <ESTADO_FUTURO_12> has a constant value of 0 in block <procesador_lcd4bits>. This FF/Latch will be trimmed during the optimization process.
WARNING:Xst:1896 - Due to other FF/Latch trimming, FF/Latch <ESTADO_FUTURO_10> has a constant value of 0 in block <procesador_lcd4bits>. This FF/Latch will be trimmed during the optimization process.
WARNING:Xst:1896 - Due to other FF/Latch trimming, FF/Latch <ESTADO_FUTURO_9> has a constant value of 0 in block <procesador_lcd4bits>. This FF/Latch will be trimmed during the optimization process.
WARNING:Xst:1896 - Due to other FF/Latch trimming, FF/Latch <ESTADO_FUTURO_1> has a constant value of 0 in block <procesador_lcd4bits>. This FF/Latch will be trimmed during the optimization process.
WARNING:Xst:1895 - Due to other FF/Latch trimming, FF/Latch <VEC_L_RAM_7> (without init value) has a constant value of 0 in block <procesador_lcd4bits>. This FF/Latch will be trimmed during the optimization process.
WARNING:Xst:1895 - Due to other FF/Latch trimming, FF/Latch <VEC_L_RAM_6> (without init value) has a constant value of 0 in block <procesador_lcd4bits>. This FF/Latch will be trimmed during the optimization process.
WARNING:Xst:1895 - Due to other FF/Latch trimming, FF/Latch <VEC_L_RAM_5> (without init value) has a constant value of 0 in block <procesador_lcd4bits>. This FF/Latch will be trimmed during the optimization process.
WARNING:Xst:1895 - Due to other FF/Latch trimming, FF/Latch <VEC_L_RAM_4> (without init value) has a constant value of 0 in block <procesador_lcd4bits>. This FF/Latch will be trimmed during the optimization process.
WARNING:Xst:1895 - Due to other FF/Latch trimming, FF/Latch <VEC_L_RAM_3> (without init value) has a constant value of 0 in block <procesador_lcd4bits>. This FF/Latch will be trimmed during the optimization process.
WARNING:Xst:1895 - Due to other FF/Latch trimming, FF/Latch <BD_LCD_7> (without init value) has a constant value of 0 in block <procesador_lcd4bits>. This FF/Latch will be trimmed during the optimization process.
WARNING:Xst:1895 - Due to other FF/Latch trimming, FF/Latch <BD_LCD_6> (without init value) has a constant value of 0 in block <procesador_lcd4bits>. This FF/Latch will be trimmed during the optimization process.
WARNING:Xst:1895 - Due to other FF/Latch trimming, FF/Latch <BD_LCD_5> (without init value) has a constant value of 0 in block <procesador_lcd4bits>. This FF/Latch will be trimmed during the optimization process.
WARNING:Xst:1895 - Due to other FF/Latch trimming, FF/Latch <BD_LCD_4> (without init value) has a constant value of 0 in block <procesador_lcd4bits>. This FF/Latch will be trimmed during the optimization process.
WARNING:Xst:1710 - FF/Latch <aux_7> (without init value) has a constant value of 0 in block <LCD_AUX>. This FF/Latch will be trimmed during the optimization process.

Optimizing unit <LCD_AUX> ...

Optimizing unit <procesador_lcd4bits> ...
WARNING:Xst:1710 - FF/Latch <VEC_C_CHAR_20> (without init value) has a constant value of 0 in block <procesador_lcd4bits>. This FF/Latch will be trimmed during the optimization process.
WARNING:Xst:1895 - Due to other FF/Latch trimming, FF/Latch <VEC_C_CHAR_21> (without init value) has a constant value of 0 in block <procesador_lcd4bits>. This FF/Latch will be trimmed during the optimization process.
WARNING:Xst:1895 - Due to other FF/Latch trimming, FF/Latch <VEC_C_CHAR_22> (without init value) has a constant value of 0 in block <procesador_lcd4bits>. This FF/Latch will be trimmed during the optimization process.
WARNING:Xst:1895 - Due to other FF/Latch trimming, FF/Latch <VEC_C_CHAR_23> (without init value) has a constant value of 0 in block <procesador_lcd4bits>. This FF/Latch will be trimmed during the optimization process.
WARNING:Xst:1895 - Due to other FF/Latch trimming, FF/Latch <VEC_C_CHAR_24> (without init value) has a constant value of 0 in block <procesador_lcd4bits>. This FF/Latch will be trimmed during the optimization process.
WARNING:Xst:1895 - Due to other FF/Latch trimming, FF/Latch <VEC_C_CHAR_25> (without init value) has a constant value of 0 in block <procesador_lcd4bits>. This FF/Latch will be trimmed during the optimization process.
WARNING:Xst:1895 - Due to other FF/Latch trimming, FF/Latch <VEC_C_CHAR_26> (without init value) has a constant value of 0 in block <procesador_lcd4bits>. This FF/Latch will be trimmed during the optimization process.
WARNING:Xst:1895 - Due to other FF/Latch trimming, FF/Latch <VEC_C_CHAR_27> (without init value) has a constant value of 0 in block <procesador_lcd4bits>. This FF/Latch will be trimmed during the optimization process.
WARNING:Xst:1895 - Due to other FF/Latch trimming, FF/Latch <VEC_C_CHAR_28> (without init value) has a constant value of 0 in block <procesador_lcd4bits>. This FF/Latch will be trimmed during the optimization process.
WARNING:Xst:1895 - Due to other FF/Latch trimming, FF/Latch <VEC_C_CHAR_29> (without init value) has a constant value of 0 in block <procesador_lcd4bits>. This FF/Latch will be trimmed during the optimization process.
WARNING:Xst:1895 - Due to other FF/Latch trimming, FF/Latch <VEC_C_CHAR_30> (without init value) has a constant value of 0 in block <procesador_lcd4bits>. This FF/Latch will be trimmed during the optimization process.
WARNING:Xst:1895 - Due to other FF/Latch trimming, FF/Latch <VEC_C_CHAR_31> (without init value) has a constant value of 0 in block <procesador_lcd4bits>. This FF/Latch will be trimmed during the optimization process.
WARNING:Xst:1895 - Due to other FF/Latch trimming, FF/Latch <VEC_C_CHAR_32> (without init value) has a constant value of 0 in block <procesador_lcd4bits>. This FF/Latch will be trimmed during the optimization process.
WARNING:Xst:1895 - Due to other FF/Latch trimming, FF/Latch <VEC_C_CHAR_33> (without init value) has a constant value of 0 in block <procesador_lcd4bits>. This FF/Latch will be trimmed during the optimization process.
WARNING:Xst:1895 - Due to other FF/Latch trimming, FF/Latch <VEC_C_CHAR_34> (without init value) has a constant value of 0 in block <procesador_lcd4bits>. This FF/Latch will be trimmed during the optimization process.
WARNING:Xst:1895 - Due to other FF/Latch trimming, FF/Latch <VEC_C_CHAR_35> (without init value) has a constant value of 0 in block <procesador_lcd4bits>. This FF/Latch will be trimmed during the optimization process.
WARNING:Xst:1895 - Due to other FF/Latch trimming, FF/Latch <VEC_C_CHAR_36> (without init value) has a constant value of 0 in block <procesador_lcd4bits>. This FF/Latch will be trimmed during the optimization process.
WARNING:Xst:1895 - Due to other FF/Latch trimming, FF/Latch <VEC_C_CHAR_37> (without init value) has a constant value of 0 in block <procesador_lcd4bits>. This FF/Latch will be trimmed during the optimization process.
WARNING:Xst:1895 - Due to other FF/Latch trimming, FF/Latch <VEC_C_CHAR_38> (without init value) has a constant value of 0 in block <procesador_lcd4bits>. This FF/Latch will be trimmed during the optimization process.
WARNING:Xst:1895 - Due to other FF/Latch trimming, FF/Latch <VEC_C_CHAR_39> (without init value) has a constant value of 0 in block <procesador_lcd4bits>. This FF/Latch will be trimmed during the optimization process.
WARNING:Xst:1895 - Due to other FF/Latch trimming, FF/Latch <VEC_C_CHAR_0> (without init value) has a constant value of 0 in block <procesador_lcd4bits>. This FF/Latch will be trimmed during the optimization process.
WARNING:Xst:1895 - Due to other FF/Latch trimming, FF/Latch <VEC_C_CHAR_1> (without init value) has a constant value of 0 in block <procesador_lcd4bits>. This FF/Latch will be trimmed during the optimization process.
WARNING:Xst:1895 - Due to other FF/Latch trimming, FF/Latch <VEC_C_CHAR_2> (without init value) has a constant value of 0 in block <procesador_lcd4bits>. This FF/Latch will be trimmed during the optimization process.
WARNING:Xst:1895 - Due to other FF/Latch trimming, FF/Latch <VEC_C_CHAR_3> (without init value) has a constant value of 0 in block <procesador_lcd4bits>. This FF/Latch will be trimmed during the optimization process.
WARNING:Xst:1895 - Due to other FF/Latch trimming, FF/Latch <VEC_C_CHAR_4> (without init value) has a constant value of 0 in block <procesador_lcd4bits>. This FF/Latch will be trimmed during the optimization process.
WARNING:Xst:1895 - Due to other FF/Latch trimming, FF/Latch <VEC_C_CHAR_5> (without init value) has a constant value of 0 in block <procesador_lcd4bits>. This FF/Latch will be trimmed during the optimization process.
WARNING:Xst:1895 - Due to other FF/Latch trimming, FF/Latch <VEC_C_CHAR_6> (without init value) has a constant value of 0 in block <procesador_lcd4bits>. This FF/Latch will be trimmed during the optimization process.
WARNING:Xst:1895 - Due to other FF/Latch trimming, FF/Latch <VEC_C_CHAR_7> (without init value) has a constant value of 0 in block <procesador_lcd4bits>. This FF/Latch will be trimmed during the optimization process.
WARNING:Xst:1895 - Due to other FF/Latch trimming, FF/Latch <VEC_C_CHAR_8> (without init value) has a constant value of 0 in block <procesador_lcd4bits>. This FF/Latch will be trimmed during the optimization process.
WARNING:Xst:1895 - Due to other FF/Latch trimming, FF/Latch <VEC_C_CHAR_9> (without init value) has a constant value of 0 in block <procesador_lcd4bits>. This FF/Latch will be trimmed during the optimization process.
WARNING:Xst:1895 - Due to other FF/Latch trimming, FF/Latch <VEC_C_CHAR_10> (without init value) has a constant value of 0 in block <procesador_lcd4bits>. This FF/Latch will be trimmed during the optimization process.
WARNING:Xst:1895 - Due to other FF/Latch trimming, FF/Latch <VEC_C_CHAR_11> (without init value) has a constant value of 0 in block <procesador_lcd4bits>. This FF/Latch will be trimmed during the optimization process.
WARNING:Xst:1895 - Due to other FF/Latch trimming, FF/Latch <VEC_C_CHAR_12> (without init value) has a constant value of 0 in block <procesador_lcd4bits>. This FF/Latch will be trimmed during the optimization process.
WARNING:Xst:1895 - Due to other FF/Latch trimming, FF/Latch <VEC_C_CHAR_13> (without init value) has a constant value of 0 in block <procesador_lcd4bits>. This FF/Latch will be trimmed during the optimization process.
WARNING:Xst:1895 - Due to other FF/Latch trimming, FF/Latch <VEC_C_CHAR_14> (without init value) has a constant value of 0 in block <procesador_lcd4bits>. This FF/Latch will be trimmed during the optimization process.
WARNING:Xst:1895 - Due to other FF/Latch trimming, FF/Latch <VEC_C_CHAR_15> (without init value) has a constant value of 0 in block <procesador_lcd4bits>. This FF/Latch will be trimmed during the optimization process.
WARNING:Xst:1895 - Due to other FF/Latch trimming, FF/Latch <VEC_C_CHAR_16> (without init value) has a constant value of 0 in block <procesador_lcd4bits>. This FF/Latch will be trimmed during the optimization process.
WARNING:Xst:1895 - Due to other FF/Latch trimming, FF/Latch <VEC_C_CHAR_17> (without init value) has a constant value of 0 in block <procesador_lcd4bits>. This FF/Latch will be trimmed during the optimization process.
WARNING:Xst:1895 - Due to other FF/Latch trimming, FF/Latch <VEC_C_CHAR_18> (without init value) has a constant value of 0 in block <procesador_lcd4bits>. This FF/Latch will be trimmed during the optimization process.
WARNING:Xst:1895 - Due to other FF/Latch trimming, FF/Latch <VEC_C_CHAR_19> (without init value) has a constant value of 0 in block <procesador_lcd4bits>. This FF/Latch will be trimmed during the optimization process.
WARNING:Xst:1710 - FF/Latch <VEC_RAM_6> (without init value) has a constant value of 1 in block <procesador_lcd4bits>. This FF/Latch will be trimmed during the optimization process.
WARNING:Xst:1710 - FF/Latch <VEC_RAM_6> (without init value) has a constant value of 1 in block <procesador_lcd4bits>. This FF/Latch will be trimmed during the optimization process.

Optimizing unit <FTCE_MXILINX_db_fsm> ...

Optimizing unit <CB16CE_MXILINX_db_fsm> ...
WARNING:Xst:2677 - Node <inst_procesador_lcd4bits/ESTADO_PRESENTE_10> of sequential type is unconnected in block <LCD_AUX>.
WARNING:Xst:2677 - Node <inst_procesador_lcd4bits/ESTADO_PRESENTE_9> of sequential type is unconnected in block <LCD_AUX>.
WARNING:Xst:2677 - Node <inst_procesador_lcd4bits/ESTADO_PRESENTE_8> of sequential type is unconnected in block <LCD_AUX>.
WARNING:Xst:2677 - Node <inst_procesador_lcd4bits/ESTADO_PRESENTE_7> of sequential type is unconnected in block <LCD_AUX>.
WARNING:Xst:2677 - Node <inst_procesador_lcd4bits/ESTADO_PRESENTE_6> of sequential type is unconnected in block <LCD_AUX>.
WARNING:Xst:2677 - Node <inst_procesador_lcd4bits/ESTADO_PRESENTE_5> of sequential type is unconnected in block <LCD_AUX>.
WARNING:Xst:2677 - Node <inst_procesador_lcd4bits/ESTADO_PRESENTE_4> of sequential type is unconnected in block <LCD_AUX>.
WARNING:Xst:2677 - Node <inst_procesador_lcd4bits/ESTADO_PRESENTE_3> of sequential type is unconnected in block <LCD_AUX>.
WARNING:Xst:2677 - Node <inst_procesador_lcd4bits/BD_LCD_3> of sequential type is unconnected in block <LCD_AUX>.
WARNING:Xst:2677 - Node <inst_procesador_lcd4bits/BD_LCD_2> of sequential type is unconnected in block <LCD_AUX>.
WARNING:Xst:2677 - Node <inst_procesador_lcd4bits/BD_LCD_1> of sequential type is unconnected in block <LCD_AUX>.
WARNING:Xst:2677 - Node <inst_procesador_lcd4bits/BD_LCD_0> of sequential type is unconnected in block <LCD_AUX>.

Mapping all equations...
Building and optimizing final netlist ...
Found area constraint ratio of 100 (+ 5) on block LCD_AUX, actual ratio is 9.
FlipFlop counterCol_1 has been replicated 1 time(s)
FlipFlop counterCol_2 has been replicated 1 time(s)
FlipFlop counterCol_3 has been replicated 1 time(s)
FlipFlop counterCol_4 has been replicated 1 time(s)

Final Macro Processing ...

=========================================================================
Final Register Report

Macro Statistics
# Registers                                            : 167
 Flip-Flops                                            : 167

=========================================================================

=========================================================================
*                           Partition Report                            *
=========================================================================

Partition Implementation Status
-------------------------------

  No Partitions were found in this design.

-------------------------------

=========================================================================
*                            Final Report                               *
=========================================================================
Final Results
RTL Top Level Output File Name     : LCD_AUX.ngr
Top Level Output File Name         : LCD_AUX
Output Format                      : NGC
Optimization Goal                  : Speed
Keep Hierarchy                     : No

Design Statistics
# IOs                              : 12

Cell Usage :
# BELS                             : 1260
#      AND2                        : 5
#      AND3                        : 4
#      AND4                        : 4
#      AND5                        : 3
#      GND                         : 1
#      INV                         : 23
#      LUT1                        : 104
#      LUT2                        : 43
#      LUT2_D                      : 6
#      LUT2_L                      : 1
#      LUT3                        : 89
#      LUT3_D                      : 10
#      LUT3_L                      : 11
#      LUT4                        : 487
#      LUT4_D                      : 37
#      LUT4_L                      : 40
#      MUXCY                       : 232
#      MUXF5                       : 34
#      VCC                         : 2
#      XOR2                        : 17
#      XORCY                       : 107
# FlipFlops/Latches                : 207
#      FD                          : 41
#      FDCE                        : 54
#      FDE                         : 32
#      FDPE                        : 1
#      FDR                         : 1
#      FDS                         : 30
#      FDSE                        : 8
#      LD                          : 1
#      LDCP                        : 32
#      LDE                         : 7
# Clock Buffers                    : 2
#      BUFG                        : 1
#      BUFGP                       : 1
# IO Buffers                       : 11
#      IBUF                        : 4
#      OBUF                        : 7
=========================================================================

Device utilization summary:
---------------------------

Selected Device : 3s500efg320-4 

 Number of Slices:                      473  out of   4656    10%  
 Number of Slice Flip Flops:            207  out of   9312     2%  
 Number of 4 input LUTs:                851  out of   9312     9%  
 Number of IOs:                          12
 Number of bonded IOBs:                  12  out of    232     5%  
 Number of GCLKs:                         2  out of     24     8%  

---------------------------
Partition Resource Summary:
---------------------------

  No Partitions were found in this design.

---------------------------


=========================================================================
TIMING REPORT

NOTE: THESE TIMING NUMBERS ARE ONLY A SYNTHESIS ESTIMATE.
      FOR ACCURATE TIMING INFORMATION PLEASE REFER TO THE TRACE REPORT
      GENERATED AFTER PLACE-and-ROUTE.

Clock Information:
------------------
-----------------------------------+------------------------+-------+
Clock Signal                       | Clock buffer(FF name)  | Load  |
-----------------------------------+------------------------+-------+
clk                                | BUFGP                  | 167   |
stop_not0001(stop_not0001138:O)    | NONE(*)(stop)          | 1     |
inst<5><7>1                        | BUFG                   | 32    |
aux_cmp_eq0000(aux_cmp_eq0000211:O)| NONE(*)(aux_0)         | 7     |
-----------------------------------+------------------------+-------+
(*) These 2 clock signal(s) are generated by combinatorial logic,
and XST is not able to identify which are the primary clock signals.
Please use the CLOCK_SIGNAL constraint to specify the clock signal(s) generated by combinatorial logic.
INFO:Xst:2169 - HDL ADVISOR - Some clock signals were not automatically buffered by XST with BUFG/BUFR resources. Please use the buffer_type constraint in order to insert these buffers to the clock signals to help prevent skew problems.

Asynchronous Control Signals Information:
----------------------------------------
-----------------------------------------------------------+------------------------------------+-------+
Control Signal                                             | Buffer(FF name)                    | Load  |
-----------------------------------------------------------+------------------------------------+-------+
inst<5><7>1(reset_db/XLXI_40:Q)                            | NONE(counterCol_0)                 | 38    |
reset_db/XLXN_7(reset_db/XLXI_9:O)                         | NONE(reset_db/XLXI_46/I_Q0/I_36_35)| 16    |
newChar_and0000(newChar_and00001:O)                        | NONE(newChar)                      | 1     |
positionCounter_0__and0000(positionCounter_0__and00001:O)  | NONE(positionCounter_0)            | 1     |
positionCounter_0__and0001(positionCounter_0__and00011:O)  | NONE(positionCounter_0)            | 1     |
positionCounter_10__and0000(positionCounter_10__and00001:O)| NONE(positionCounter_10)           | 1     |
positionCounter_10__and0001(positionCounter_10__and00011:O)| NONE(positionCounter_10)           | 1     |
positionCounter_11__and0000(positionCounter_11__and00001:O)| NONE(positionCounter_11)           | 1     |
positionCounter_11__and0001(positionCounter_11__and00011:O)| NONE(positionCounter_11)           | 1     |
positionCounter_12__and0000(positionCounter_12__and00001:O)| NONE(positionCounter_12)           | 1     |
positionCounter_12__and0001(positionCounter_12__and00011:O)| NONE(positionCounter_12)           | 1     |
positionCounter_13__and0000(positionCounter_13__and00001:O)| NONE(positionCounter_13)           | 1     |
positionCounter_13__and0001(positionCounter_13__and00011:O)| NONE(positionCounter_13)           | 1     |
positionCounter_14__and0000(positionCounter_14__and00001:O)| NONE(positionCounter_14)           | 1     |
positionCounter_14__and0001(positionCounter_14__and00011:O)| NONE(positionCounter_14)           | 1     |
positionCounter_15__and0000(positionCounter_15__and00001:O)| NONE(positionCounter_15)           | 1     |
positionCounter_15__and0001(positionCounter_15__and00011:O)| NONE(positionCounter_15)           | 1     |
positionCounter_16__and0000(positionCounter_16__and00001:O)| NONE(positionCounter_16)           | 1     |
positionCounter_16__and0001(positionCounter_16__and00011:O)| NONE(positionCounter_16)           | 1     |
positionCounter_17__and0000(positionCounter_17__and00001:O)| NONE(positionCounter_17)           | 1     |
positionCounter_17__and0001(positionCounter_17__and00011:O)| NONE(positionCounter_17)           | 1     |
positionCounter_18__and0000(positionCounter_18__and00001:O)| NONE(positionCounter_18)           | 1     |
positionCounter_18__and0001(positionCounter_18__and00011:O)| NONE(positionCounter_18)           | 1     |
positionCounter_19__and0000(positionCounter_19__and00001:O)| NONE(positionCounter_19)           | 1     |
positionCounter_19__and0001(positionCounter_19__and00011:O)| NONE(positionCounter_19)           | 1     |
positionCounter_1__and0000(positionCounter_1__and00001:O)  | NONE(positionCounter_1)            | 1     |
positionCounter_1__and0001(positionCounter_1__and00011:O)  | NONE(positionCounter_1)            | 1     |
positionCounter_20__and0000(positionCounter_20__and00001:O)| NONE(positionCounter_20)           | 1     |
positionCounter_20__and0001(positionCounter_20__and00011:O)| NONE(positionCounter_20)           | 1     |
positionCounter_21__and0000(positionCounter_21__and00001:O)| NONE(positionCounter_21)           | 1     |
positionCounter_21__and0001(positionCounter_21__and00011:O)| NONE(positionCounter_21)           | 1     |
positionCounter_22__and0000(positionCounter_22__and00001:O)| NONE(positionCounter_22)           | 1     |
positionCounter_22__and0001(positionCounter_22__and00011:O)| NONE(positionCounter_22)           | 1     |
positionCounter_23__and0000(positionCounter_23__and00001:O)| NONE(positionCounter_23)           | 1     |
positionCounter_23__and0001(positionCounter_23__and00011:O)| NONE(positionCounter_23)           | 1     |
positionCounter_24__and0000(positionCounter_24__and00001:O)| NONE(positionCounter_24)           | 1     |
positionCounter_24__and0001(positionCounter_24__and00011:O)| NONE(positionCounter_24)           | 1     |
positionCounter_25__and0000(positionCounter_25__and00001:O)| NONE(positionCounter_25)           | 1     |
positionCounter_25__and0001(positionCounter_25__and00011:O)| NONE(positionCounter_25)           | 1     |
positionCounter_26__and0000(positionCounter_26__and00001:O)| NONE(positionCounter_26)           | 1     |
positionCounter_26__and0001(positionCounter_26__and00011:O)| NONE(positionCounter_26)           | 1     |
positionCounter_27__and0000(positionCounter_27__and00001:O)| NONE(positionCounter_27)           | 1     |
positionCounter_27__and0001(positionCounter_27__and00011:O)| NONE(positionCounter_27)           | 1     |
positionCounter_28__and0000(positionCounter_28__and00001:O)| NONE(positionCounter_28)           | 1     |
positionCounter_28__and0001(positionCounter_28__and00011:O)| NONE(positionCounter_28)           | 1     |
positionCounter_29__and0000(positionCounter_29__and00001:O)| NONE(positionCounter_29)           | 1     |
positionCounter_29__and0001(positionCounter_29__and00011:O)| NONE(positionCounter_29)           | 1     |
positionCounter_2__and0000(positionCounter_2__and00001:O)  | NONE(positionCounter_2)            | 1     |
positionCounter_2__and0001(positionCounter_2__and00011:O)  | NONE(positionCounter_2)            | 1     |
positionCounter_30__and0000(positionCounter_30__and00001:O)| NONE(positionCounter_30)           | 1     |
positionCounter_30__and0001(positionCounter_30__and00011:O)| NONE(positionCounter_30)           | 1     |
positionCounter_31__and0000(positionCounter_31__and00001:O)| NONE(positionCounter_31)           | 1     |
positionCounter_31__and0001(positionCounter_31__and00011:O)| NONE(positionCounter_31)           | 1     |
positionCounter_3__and0000(positionCounter_3__and00001:O)  | NONE(positionCounter_3)            | 1     |
positionCounter_3__and0001(positionCounter_3__and00011:O)  | NONE(positionCounter_3)            | 1     |
positionCounter_4__and0000(positionCounter_4__and00001:O)  | NONE(positionCounter_4)            | 1     |
positionCounter_4__and0001(positionCounter_4__and00011:O)  | NONE(positionCounter_4)            | 1     |
positionCounter_5__and0000(positionCounter_5__and00001:O)  | NONE(positionCounter_5)            | 1     |
positionCounter_5__and0001(positionCounter_5__and00011:O)  | NONE(positionCounter_5)            | 1     |
positionCounter_6__and0000(positionCounter_6__and00001:O)  | NONE(positionCounter_6)            | 1     |
positionCounter_6__and0001(positionCounter_6__and00011:O)  | NONE(positionCounter_6)            | 1     |
positionCounter_7__and0000(positionCounter_7__and00001:O)  | NONE(positionCounter_7)            | 1     |
positionCounter_7__and0001(positionCounter_7__and00011:O)  | NONE(positionCounter_7)            | 1     |
positionCounter_8__and0000(positionCounter_8__and00001:O)  | NONE(positionCounter_8)            | 1     |
positionCounter_8__and0001(positionCounter_8__and00011:O)  | NONE(positionCounter_8)            | 1     |
positionCounter_9__and0000(positionCounter_9__and00001:O)  | NONE(positionCounter_9)            | 1     |
positionCounter_9__and0001(positionCounter_9__and00011:O)  | NONE(positionCounter_9)            | 1     |
-----------------------------------------------------------+------------------------------------+-------+

Timing Summary:
---------------
Speed Grade: -4

   Minimum period: 18.493ns (Maximum Frequency: 54.075MHz)
   Minimum input arrival time before clock: 8.851ns
   Maximum output required time after clock: 4.310ns
   Maximum combinational path delay: No path found

Timing Detail:
--------------
All values displayed in nanoseconds (ns)

=========================================================================
Timing constraint: Default period analysis for Clock 'clk'
  Clock period: 18.493ns (frequency: 54.075MHz)
  Total number of paths / destination ports: 2038292 / 253
-------------------------------------------------------------------------
Delay:               18.493ns (Levels of Logic = 20)
  Source:            counterCol_22 (FF)
  Destination:       inst_procesador_lcd4bits/ESTADO_0 (FF)
  Source Clock:      clk rising
  Destination Clock: clk rising

  Data Path: counterCol_22 to inst_procesador_lcd4bits/ESTADO_0
                                Gate     Net
    Cell:in->out      fanout   Delay   Delay  Logical Name (Net Name)
    ----------------------------------------  ------------
     FDCE:C->Q             2   0.591   0.622  counterCol_22 (counterCol_22)
     LUT3:I0->O            1   0.704   0.000  inst_4_and00191_wg_lut<0> (inst_4_and00191_wg_lut<0>)
     MUXCY:S->O            1   0.464   0.000  inst_4_and00191_wg_cy<0> (inst_4_and00191_wg_cy<0>)
     MUXCY:CI->O           1   0.059   0.000  inst_4_and00191_wg_cy<1> (inst_4_and00191_wg_cy<1>)
     MUXCY:CI->O           1   0.059   0.000  inst_4_and00191_wg_cy<2> (inst_4_and00191_wg_cy<2>)
     MUXCY:CI->O           1   0.059   0.000  inst_4_and00191_wg_cy<3> (inst_4_and00191_wg_cy<3>)
     MUXCY:CI->O           1   0.459   0.455  inst_4_and00191_wg_cy<4> (inst_4_and00191_wg_cy<4>)
     LUT3_D:I2->O         51   0.704   1.272  inst_4_and00191_wg_cy<6>1 (inst_4_and00191_wg_cy<6>)
     LUT4_D:I3->O         37   0.704   1.268  counterCol_cmp_eq000011 (N16)
     LUT4:I3->O            1   0.704   0.000  inst_4_or0000_wg_lut<7> (inst_4_or0000_wg_lut<7>)
     MUXCY:S->O            1   0.464   0.000  inst_4_or0000_wg_cy<7> (inst_4_or0000_wg_cy<7>)
     MUXCY:CI->O           1   0.059   0.000  inst_4_or0000_wg_cy<8> (inst_4_or0000_wg_cy<8>)
     MUXCY:CI->O          16   0.459   1.069  inst_4_or0000_wg_cy<9> (inst_4_or0000)
     LUT4:I2->O           13   0.704   0.987  Mmux_vector_mem_s3128 (vector_mem_s<0>)
     LUT4:I3->O            1   0.704   0.000  inst_procesador_lcd4bits/Mcompar_VEC_POS_cmp_gt0000_lut<0> (inst_procesador_lcd4bits/Mcompar_VEC_POS_cmp_gt0000_lut<0>)
     MUXCY:S->O            1   0.464   0.000  inst_procesador_lcd4bits/Mcompar_VEC_POS_cmp_gt0000_cy<0> (inst_procesador_lcd4bits/Mcompar_VEC_POS_cmp_gt0000_cy<0>)
     MUXCY:CI->O           1   0.059   0.000  inst_procesador_lcd4bits/Mcompar_VEC_POS_cmp_gt0000_cy<1> (inst_procesador_lcd4bits/Mcompar_VEC_POS_cmp_gt0000_cy<1>)
     MUXCY:CI->O           1   0.059   0.000  inst_procesador_lcd4bits/Mcompar_VEC_POS_cmp_gt0000_cy<2> (inst_procesador_lcd4bits/Mcompar_VEC_POS_cmp_gt0000_cy<2>)
     MUXCY:CI->O          12   0.459   0.996  inst_procesador_lcd4bits/Mcompar_VEC_POS_cmp_gt0000_cy<3> (inst_procesador_lcd4bits/Mcompar_VEC_POS_cmp_gt0000_cy<3>)
     LUT3_D:I2->O         18   0.704   1.147  inst_procesador_lcd4bits/ESTADO_mux0000<12>25 (inst_procesador_lcd4bits/N53)
     LUT4:I1->O            1   0.704   0.420  inst_procesador_lcd4bits/ESTADO_mux0000<8>14 (inst_procesador_lcd4bits/N28)
     FDS:S                     0.911          inst_procesador_lcd4bits/ESTADO_0
    ----------------------------------------
    Total                     18.493ns (10.257ns logic, 8.236ns route)
                                       (55.5% logic, 44.5% route)

=========================================================================
Timing constraint: Default period analysis for Clock 'inst<5><7>1'
  Clock period: 7.259ns (frequency: 137.762MHz)
  Total number of paths / destination ports: 528 / 32
-------------------------------------------------------------------------
Delay:               7.259ns (Levels of Logic = 33)
  Source:            positionCounter_1 (LATCH)
  Destination:       positionCounter_31 (LATCH)
  Source Clock:      inst<5><7>1 falling
  Destination Clock: inst<5><7>1 falling

  Data Path: positionCounter_1 to positionCounter_31
                                Gate     Net
    Cell:in->out      fanout   Delay   Delay  Logical Name (Net Name)
    ----------------------------------------  ------------
     LDCP:G->Q            31   0.676   1.437  positionCounter_1 (positionCounter_1)
     LUT1:I0->O            1   0.704   0.000  Madd_positionCounter_addsub0000_cy<1>_rt (Madd_positionCounter_addsub0000_cy<1>_rt)
     MUXCY:S->O            1   0.464   0.000  Madd_positionCounter_addsub0000_cy<1> (Madd_positionCounter_addsub0000_cy<1>)
     MUXCY:CI->O           1   0.059   0.000  Madd_positionCounter_addsub0000_cy<2> (Madd_positionCounter_addsub0000_cy<2>)
     MUXCY:CI->O           1   0.059   0.000  Madd_positionCounter_addsub0000_cy<3> (Madd_positionCounter_addsub0000_cy<3>)
     MUXCY:CI->O           1   0.059   0.000  Madd_positionCounter_addsub0000_cy<4> (Madd_positionCounter_addsub0000_cy<4>)
     MUXCY:CI->O           1   0.059   0.000  Madd_positionCounter_addsub0000_cy<5> (Madd_positionCounter_addsub0000_cy<5>)
     MUXCY:CI->O           1   0.059   0.000  Madd_positionCounter_addsub0000_cy<6> (Madd_positionCounter_addsub0000_cy<6>)
     MUXCY:CI->O           1   0.059   0.000  Madd_positionCounter_addsub0000_cy<7> (Madd_positionCounter_addsub0000_cy<7>)
     MUXCY:CI->O           1   0.059   0.000  Madd_positionCounter_addsub0000_cy<8> (Madd_positionCounter_addsub0000_cy<8>)
     MUXCY:CI->O           1   0.059   0.000  Madd_positionCounter_addsub0000_cy<9> (Madd_positionCounter_addsub0000_cy<9>)
     MUXCY:CI->O           1   0.059   0.000  Madd_positionCounter_addsub0000_cy<10> (Madd_positionCounter_addsub0000_cy<10>)
     MUXCY:CI->O           1   0.059   0.000  Madd_positionCounter_addsub0000_cy<11> (Madd_positionCounter_addsub0000_cy<11>)
     MUXCY:CI->O           1   0.059   0.000  Madd_positionCounter_addsub0000_cy<12> (Madd_positionCounter_addsub0000_cy<12>)
     MUXCY:CI->O           1   0.059   0.000  Madd_positionCounter_addsub0000_cy<13> (Madd_positionCounter_addsub0000_cy<13>)
     MUXCY:CI->O           1   0.059   0.000  Madd_positionCounter_addsub0000_cy<14> (Madd_positionCounter_addsub0000_cy<14>)
     MUXCY:CI->O           1   0.059   0.000  Madd_positionCounter_addsub0000_cy<15> (Madd_positionCounter_addsub0000_cy<15>)
     MUXCY:CI->O           1   0.059   0.000  Madd_positionCounter_addsub0000_cy<16> (Madd_positionCounter_addsub0000_cy<16>)
     MUXCY:CI->O           1   0.059   0.000  Madd_positionCounter_addsub0000_cy<17> (Madd_positionCounter_addsub0000_cy<17>)
     MUXCY:CI->O           1   0.059   0.000  Madd_positionCounter_addsub0000_cy<18> (Madd_positionCounter_addsub0000_cy<18>)
     MUXCY:CI->O           1   0.059   0.000  Madd_positionCounter_addsub0000_cy<19> (Madd_positionCounter_addsub0000_cy<19>)
     MUXCY:CI->O           1   0.059   0.000  Madd_positionCounter_addsub0000_cy<20> (Madd_positionCounter_addsub0000_cy<20>)
     MUXCY:CI->O           1   0.059   0.000  Madd_positionCounter_addsub0000_cy<21> (Madd_positionCounter_addsub0000_cy<21>)
     MUXCY:CI->O           1   0.059   0.000  Madd_positionCounter_addsub0000_cy<22> (Madd_positionCounter_addsub0000_cy<22>)
     MUXCY:CI->O           1   0.059   0.000  Madd_positionCounter_addsub0000_cy<23> (Madd_positionCounter_addsub0000_cy<23>)
     MUXCY:CI->O           1   0.059   0.000  Madd_positionCounter_addsub0000_cy<24> (Madd_positionCounter_addsub0000_cy<24>)
     MUXCY:CI->O           1   0.059   0.000  Madd_positionCounter_addsub0000_cy<25> (Madd_positionCounter_addsub0000_cy<25>)
     MUXCY:CI->O           1   0.059   0.000  Madd_positionCounter_addsub0000_cy<26> (Madd_positionCounter_addsub0000_cy<26>)
     MUXCY:CI->O           1   0.059   0.000  Madd_positionCounter_addsub0000_cy<27> (Madd_positionCounter_addsub0000_cy<27>)
     MUXCY:CI->O           1   0.059   0.000  Madd_positionCounter_addsub0000_cy<28> (Madd_positionCounter_addsub0000_cy<28>)
     MUXCY:CI->O           1   0.059   0.000  Madd_positionCounter_addsub0000_cy<29> (Madd_positionCounter_addsub0000_cy<29>)
     MUXCY:CI->O           0   0.059   0.000  Madd_positionCounter_addsub0000_cy<30> (Madd_positionCounter_addsub0000_cy<30>)
     XORCY:CI->O           2   0.804   0.451  Madd_positionCounter_addsub0000_xor<31> (positionCounter_addsub0000<31>)
     LUT4:I3->O            2   0.704   0.000  positionCounter_31__and00011 (positionCounter_31__and0001)
     LDCP:D                    0.308          positionCounter_31
    ----------------------------------------
    Total                      7.259ns (5.371ns logic, 1.888ns route)
                                       (74.0% logic, 26.0% route)

=========================================================================
Timing constraint: Default period analysis for Clock 'aux_cmp_eq0000'
  Clock period: 4.962ns (frequency: 201.532MHz)
  Total number of paths / destination ports: 7 / 7
-------------------------------------------------------------------------
Delay:               4.962ns (Levels of Logic = 4)
  Source:            aux_2 (LATCH)
  Destination:       aux_2 (LATCH)
  Source Clock:      aux_cmp_eq0000 falling
  Destination Clock: aux_cmp_eq0000 falling

  Data Path: aux_2 to aux_2
                                Gate     Net
    Cell:in->out      fanout   Delay   Delay  Logical Name (Net Name)
    ----------------------------------------  ------------
     LDE:G->Q              2   0.676   0.622  aux_2 (aux_2)
     LUT4:I0->O            1   0.704   0.499  aux_mux0010<2>131_SW0 (N503)
     LUT4:I1->O            1   0.704   0.424  aux_mux0010<2>131 (aux_mux0010<2>131)
     LUT4:I3->O            1   0.704   0.000  aux_mux0010<2>159_F (N567)
     MUXF5:I0->O           1   0.321   0.000  aux_mux0010<2>159 (aux_mux0010<2>)
     LDE:D                     0.308          aux_2
    ----------------------------------------
    Total                      4.962ns (3.417ns logic, 1.545ns route)
                                       (68.9% logic, 31.1% route)

=========================================================================
Timing constraint: Default OFFSET IN BEFORE for Clock 'stop_not0001'
  Total number of paths / destination ports: 18 / 1
-------------------------------------------------------------------------
Offset:              8.851ns (Levels of Logic = 7)
  Source:            str_select<0> (PAD)
  Destination:       stop (LATCH)
  Destination Clock: stop_not0001 falling

  Data Path: str_select<0> to stop
                                Gate     Net
    Cell:in->out      fanout   Delay   Delay  Logical Name (Net Name)
    ----------------------------------------  ------------
     IBUF:I->O             7   1.218   0.883  str_select_0_IBUF (str_select_0_IBUF)
     LUT4:I0->O           13   0.704   0.987  stop_not00011211 (stop_and0002)
     LUT4:I3->O            1   0.704   0.595  stop_mux001119 (stop_mux001119)
     LUT4:I0->O            1   0.704   0.595  stop_mux001157_SW0 (N505)
     LUT3:I0->O            1   0.704   0.000  stop_mux001157_F (N565)
     MUXF5:I0->O           1   0.321   0.424  stop_mux001157 (stop_mux001157)
     LUT4:I3->O            1   0.704   0.000  stop_mux0011101 (stop_mux0011)
     LD:D                      0.308          stop
    ----------------------------------------
    Total                      8.851ns (5.367ns logic, 3.484ns route)
                                       (60.6% logic, 39.4% route)

=========================================================================
Timing constraint: Default OFFSET IN BEFORE for Clock 'clk'
  Total number of paths / destination ports: 1 / 1
-------------------------------------------------------------------------
Offset:              1.946ns (Levels of Logic = 1)
  Source:            reset (PAD)
  Destination:       reset_db/XLXI_30 (FF)
  Destination Clock: clk rising

  Data Path: reset to reset_db/XLXI_30
                                Gate     Net
    Cell:in->out      fanout   Delay   Delay  Logical Name (Net Name)
    ----------------------------------------  ------------
     IBUF:I->O             1   1.218   0.420  reset_IBUF (reset_IBUF)
     FD:D                      0.308          reset_db/XLXI_30
    ----------------------------------------
    Total                      1.946ns (1.526ns logic, 0.420ns route)
                                       (78.4% logic, 21.6% route)

=========================================================================
Timing constraint: Default OFFSET IN BEFORE for Clock 'aux_cmp_eq0000'
  Total number of paths / destination ports: 222 / 7
-------------------------------------------------------------------------
Offset:              8.659ns (Levels of Logic = 7)
  Source:            str_select<2> (PAD)
  Destination:       aux_2 (LATCH)
  Destination Clock: aux_cmp_eq0000 falling

  Data Path: str_select<2> to aux_2
                                Gate     Net
    Cell:in->out      fanout   Delay   Delay  Logical Name (Net Name)
    ----------------------------------------  ------------
     IBUF:I->O             7   1.218   0.883  str_select_2_IBUF (str_select_2_IBUF)
     LUT4:I0->O           14   0.704   1.035  stop_not00011122 (stop_and0003)
     LUT4:I2->O            2   0.704   0.451  aux_mux0010<0>69 (aux_mux0010<0>69)
     LUT4:I3->O            1   0.704   0.499  aux_mux0010<2>131_SW0 (N503)
     LUT4:I1->O            1   0.704   0.424  aux_mux0010<2>131 (aux_mux0010<2>131)
     LUT4:I3->O            1   0.704   0.000  aux_mux0010<2>159_F (N567)
     MUXF5:I0->O           1   0.321   0.000  aux_mux0010<2>159 (aux_mux0010<2>)
     LDE:D                     0.308          aux_2
    ----------------------------------------
    Total                      8.659ns (5.367ns logic, 3.292ns route)
                                       (62.0% logic, 38.0% route)

=========================================================================
Timing constraint: Default OFFSET OUT AFTER for Clock 'clk'
  Total number of paths / destination ports: 6 / 6
-------------------------------------------------------------------------
Offset:              4.310ns (Levels of Logic = 1)
  Source:            inst_procesador_lcd4bits/RS (FF)
  Destination:       rs (PAD)
  Source Clock:      clk rising

  Data Path: inst_procesador_lcd4bits/RS to rs
                                Gate     Net
    Cell:in->out      fanout   Delay   Delay  Logical Name (Net Name)
    ----------------------------------------  ------------
     FDS:C->Q              2   0.591   0.447  inst_procesador_lcd4bits/RS (inst_procesador_lcd4bits/RS)
     OBUF:I->O                 3.272          rs_OBUF (rs)
    ----------------------------------------
    Total                      4.310ns (3.863ns logic, 0.447ns route)
                                       (89.6% logic, 10.4% route)

=========================================================================


Total REAL time to Xst completion: 12.00 secs
Total CPU time to Xst completion: 11.41 secs
 
--> 

Total memory usage is 293100 kilobytes

Number of errors   :    0 (   0 filtered)
Number of warnings :  124 (   0 filtered)
Number of infos    :    6 (   0 filtered)

