AR mod_m_counter arch C:/Users/aula/Downloads/CompDig/CPU/CPURight/mod_m_counter.vhd sub00/vhpl03 1498488587
AR lcd_aux behavioral C:/Users/aula/Downloads/CompDig/CPU/CPURight/LCD_AUX.vhd sub00/vhpl29 1498490211
EN lcd_aux NULL C:/Users/aula/Downloads/CompDig/CPU/CPURight/LCD_AUX.vhd sub00/vhpl28 1498490210
AR singleram_syn ram_arch C:/Users/aula/Downloads/CompDig/CPU/CPURight/SingleRAM_syn.vhd sub00/vhpl07 1498488591
AR modulo_display behavioral C:/Users/aula/Downloads/CompDig/CPU/CPURight/Modulo_display.vhd sub00/vhpl19 1498488603
EN prelcd NULL D:/Repos/compDig/CPU/CPURight/preLCD.vhd sub00/vhpl26 1498659470
EN procesador_lcd4bits NULL D:/Repos/compDig/CPU/CPURight/PROCESADOR_LCD4BITS.vhd sub00/vhpl24 1498659460
AR procesador_lcd4bits behavioral D:/Repos/compDig/CPU/CPURight/PROCESADOR_LCD4BITS.vhd sub00/vhpl25 1498659461
AR prelcd behavioral D:/Repos/compDig/CPU/CPURight/preLCD.vhd sub00/vhpl27 1498659471
AR d_ff_reset arch C:/Users/aula/Downloads/CompDig/CPU/CPURight/d_ff_reset.vhd sub00/vhpl01 1498488585
EN cpu NULL C:/Users/aula/Downloads/CompDig/CPU/CPURight/CPU.vhd sub00/vhpl14 1498488598
EN exemplo NULL D:/Repos/compDig/CPU/CPURight/Exemplo.vhd sub00/vhpl30 1498659468
EN display_7_seg NULL C:/Users/aula/Downloads/CompDig/CPU/CPURight/display_7_seg.vhd sub00/vhpl04 1498488588
AR cb16ce_mxilinx_db_fsm behavioral D:/Repos/compDig/CPU/CPURight/db_fsm.vhf sub00/vhpl11 1498659465
EN ftce_mxilinx_db_fsm NULL D:/Repos/compDig/CPU/CPURight/db_fsm.vhf sub00/vhpl08 1498659462
AR cpu behavioral C:/Users/aula/Downloads/CompDig/CPU/CPURight/CPU.vhd sub00/vhpl15 1498488599
AR display_7_seg arch C:/Users/aula/Downloads/CompDig/CPU/CPURight/display_7_seg.vhd sub00/vhpl05 1498488589
AR ftce_mxilinx_db_fsm behavioral D:/Repos/compDig/CPU/CPURight/db_fsm.vhf sub00/vhpl09 1498659463
EN cb16ce_mxilinx_db_fsm NULL D:/Repos/compDig/CPU/CPURight/db_fsm.vhf sub00/vhpl10 1498659464
AR exemplo behavioral D:/Repos/compDig/CPU/CPURight/Exemplo.vhd sub00/vhpl31 1498659469
EN control NULL C:/Users/aula/Downloads/CompDig/CPU/CPURight/Control.vhd sub00/vhpl20 1498488604
AR rom_asyn arch_rom C:/Users/aula/Downloads/CompDig/CPU/CPURight/Rom_asyn.vhd sub00/vhpl17 1498488601
EN rom_asyn NULL C:/Users/aula/Downloads/CompDig/CPU/CPURight/Rom_asyn.vhd sub00/vhpl16 1498488600
PH commands_lcd4bits NULL D:/Repos/compDig/CPU/CPURight/COMMANDS_LCD4BITS.vhd sub00/vhpl22 1498659458
AR db_fsm behavioral D:/Repos/compDig/CPU/CPURight/db_fsm.vhf sub00/vhpl13 1498659467
EN singleram_syn NULL C:/Users/aula/Downloads/CompDig/CPU/CPURight/SingleRAM_syn.vhd sub00/vhpl06 1498488590
EN db_fsm NULL D:/Repos/compDig/CPU/CPURight/db_fsm.vhf sub00/vhpl12 1498659466
EN modulo_display NULL C:/Users/aula/Downloads/CompDig/CPU/CPURight/Modulo_display.vhd sub00/vhpl18 1498488602
AR control behavioral C:/Users/aula/Downloads/CompDig/CPU/CPURight/Control.vhd sub00/vhpl21 1498488605
EN mod_m_counter NULL C:/Users/aula/Downloads/CompDig/CPU/CPURight/mod_m_counter.vhd sub00/vhpl02 1498488586
EN d_ff_reset NULL C:/Users/aula/Downloads/CompDig/CPU/CPURight/d_ff_reset.vhd sub00/vhpl00 1498488584
PB commands_lcd4bits commands_lcd4bits D:/Repos/compDig/CPU/CPURight/COMMANDS_LCD4BITS.vhd sub00/vhpl23 1498659459
