AR mod_m_counter arch C:/Users/aula/Downloads/CompDig/CPU/CPURight/mod_m_counter.vhd sub00/vhpl03 1498142061
AR singleram_syn ram_arch C:/Users/aula/Downloads/CompDig/CPU/CPURight/SingleRAM_syn.vhd sub00/vhpl07 1498142065
AR modulo_display behavioral C:/Users/aula/Downloads/CompDig/CPU/CPURight/Modulo_display.vhd sub00/vhpl19 1498142077
AR d_ff_reset arch C:/Users/aula/Downloads/CompDig/CPU/CPURight/d_ff_reset.vhd sub00/vhpl01 1498142059
EN cpu NULL C:/Users/aula/Downloads/CompDig/CPU/CPURight/CPU.vhd sub00/vhpl14 1498142072
EN display_7_seg NULL C:/Users/aula/Downloads/CompDig/CPU/CPURight/display_7_seg.vhd sub00/vhpl04 1498142062
AR cb16ce_mxilinx_db_fsm behavioral C:/Users/aula/Downloads/CompDig/CPU/CPURight/db_fsm.vhf sub00/vhpl11 1498142069
EN ftce_mxilinx_db_fsm NULL C:/Users/aula/Downloads/CompDig/CPU/CPURight/db_fsm.vhf sub00/vhpl08 1498142066
AR cpu behavioral C:/Users/aula/Downloads/CompDig/CPU/CPURight/CPU.vhd sub00/vhpl15 1498142073
AR display_7_seg arch C:/Users/aula/Downloads/CompDig/CPU/CPURight/display_7_seg.vhd sub00/vhpl05 1498142063
AR ftce_mxilinx_db_fsm behavioral C:/Users/aula/Downloads/CompDig/CPU/CPURight/db_fsm.vhf sub00/vhpl09 1498142067
EN cb16ce_mxilinx_db_fsm NULL C:/Users/aula/Downloads/CompDig/CPU/CPURight/db_fsm.vhf sub00/vhpl10 1498142068
EN control NULL C:/Users/aula/Downloads/CompDig/CPU/CPURight/Control.vhd sub00/vhpl20 1498142078
AR rom_asyn arch_rom C:/Users/aula/Downloads/CompDig/CPU/CPURight/Rom_asyn.vhd sub00/vhpl17 1498142075
EN rom_asyn NULL C:/Users/aula/Downloads/CompDig/CPU/CPURight/Rom_asyn.vhd sub00/vhpl16 1498142074
AR db_fsm behavioral C:/Users/aula/Downloads/CompDig/CPU/CPURight/db_fsm.vhf sub00/vhpl13 1498142071
EN singleram_syn NULL C:/Users/aula/Downloads/CompDig/CPU/CPURight/SingleRAM_syn.vhd sub00/vhpl06 1498142064
EN db_fsm NULL C:/Users/aula/Downloads/CompDig/CPU/CPURight/db_fsm.vhf sub00/vhpl12 1498142070
EN modulo_display NULL C:/Users/aula/Downloads/CompDig/CPU/CPURight/Modulo_display.vhd sub00/vhpl18 1498142076
AR control behavioral C:/Users/aula/Downloads/CompDig/CPU/CPURight/Control.vhd sub00/vhpl21 1498142079
EN mod_m_counter NULL C:/Users/aula/Downloads/CompDig/CPU/CPURight/mod_m_counter.vhd sub00/vhpl02 1498142060
EN d_ff_reset NULL C:/Users/aula/Downloads/CompDig/CPU/CPURight/d_ff_reset.vhd sub00/vhpl00 1498142058
