AR mod_m_counter arch D:/Usuarios/marcos/Documentos/Faculdade/Computacao_Digital/CompDig/CPU/CPURight/mod_m_counter.vhd sub00/vhpl03 1498430374
AR singleram_syn ram_arch D:/Usuarios/marcos/Documentos/Faculdade/Computacao_Digital/CompDig/CPU/CPURight/SingleRAM_syn.vhd sub00/vhpl07 1498430378
AR modulo_display behavioral D:/Usuarios/marcos/Documentos/Faculdade/Computacao_Digital/CompDig/CPU/CPURight/Modulo_display.vhd sub00/vhpl19 1498430390
AR d_ff_reset arch D:/Usuarios/marcos/Documentos/Faculdade/Computacao_Digital/CompDig/CPU/CPURight/d_ff_reset.vhd sub00/vhpl01 1498430372
EN cpu NULL D:/Usuarios/marcos/Documentos/Faculdade/Computacao_Digital/CompDig/CPU/CPURight/CPU.vhd sub00/vhpl14 1498430385
EN display_7_seg NULL D:/Usuarios/marcos/Documentos/Faculdade/Computacao_Digital/CompDig/CPU/CPURight/display_7_seg.vhd sub00/vhpl04 1498430375
AR cb16ce_mxilinx_db_fsm behavioral D:/Usuarios/marcos/Documentos/Faculdade/Computacao_Digital/CompDig/CPU/CPURight/db_fsm.vhf sub00/vhpl11 1498430382
EN ftce_mxilinx_db_fsm NULL D:/Usuarios/marcos/Documentos/Faculdade/Computacao_Digital/CompDig/CPU/CPURight/db_fsm.vhf sub00/vhpl08 1498430379
AR cpu behavioral D:/Usuarios/marcos/Documentos/Faculdade/Computacao_Digital/CompDig/CPU/CPURight/CPU.vhd sub00/vhpl15 1498430386
AR display_7_seg arch D:/Usuarios/marcos/Documentos/Faculdade/Computacao_Digital/CompDig/CPU/CPURight/display_7_seg.vhd sub00/vhpl05 1498430376
AR ftce_mxilinx_db_fsm behavioral D:/Usuarios/marcos/Documentos/Faculdade/Computacao_Digital/CompDig/CPU/CPURight/db_fsm.vhf sub00/vhpl09 1498430380
EN cb16ce_mxilinx_db_fsm NULL D:/Usuarios/marcos/Documentos/Faculdade/Computacao_Digital/CompDig/CPU/CPURight/db_fsm.vhf sub00/vhpl10 1498430381
EN control NULL D:/Usuarios/marcos/Documentos/Faculdade/Computacao_Digital/CompDig/CPU/CPURight/Control.vhd sub00/vhpl20 1498430391
AR rom_asyn arch_rom D:/Usuarios/marcos/Documentos/Faculdade/Computacao_Digital/CompDig/CPU/CPURight/Rom_asyn.vhd sub00/vhpl17 1498430388
EN rom_asyn NULL D:/Usuarios/marcos/Documentos/Faculdade/Computacao_Digital/CompDig/CPU/CPURight/Rom_asyn.vhd sub00/vhpl16 1498430387
AR db_fsm behavioral D:/Usuarios/marcos/Documentos/Faculdade/Computacao_Digital/CompDig/CPU/CPURight/db_fsm.vhf sub00/vhpl13 1498430384
EN singleram_syn NULL D:/Usuarios/marcos/Documentos/Faculdade/Computacao_Digital/CompDig/CPU/CPURight/SingleRAM_syn.vhd sub00/vhpl06 1498430377
EN db_fsm NULL D:/Usuarios/marcos/Documentos/Faculdade/Computacao_Digital/CompDig/CPU/CPURight/db_fsm.vhf sub00/vhpl12 1498430383
EN modulo_display NULL D:/Usuarios/marcos/Documentos/Faculdade/Computacao_Digital/CompDig/CPU/CPURight/Modulo_display.vhd sub00/vhpl18 1498430389
AR control behavioral D:/Usuarios/marcos/Documentos/Faculdade/Computacao_Digital/CompDig/CPU/CPURight/Control.vhd sub00/vhpl21 1498430392
EN mod_m_counter NULL D:/Usuarios/marcos/Documentos/Faculdade/Computacao_Digital/CompDig/CPU/CPURight/mod_m_counter.vhd sub00/vhpl02 1498430373
EN d_ff_reset NULL D:/Usuarios/marcos/Documentos/Faculdade/Computacao_Digital/CompDig/CPU/CPURight/d_ff_reset.vhd sub00/vhpl00 1498430371
