V3 17
FL C:/Users/aula/Downloads/CompDig/Projeto2/display_7_seg.vhd 2017/03/27.11:47:56 P.58f
EN work/display_7_seg 1491232941 \
      FL C:/Users/aula/Downloads/CompDig/Projeto2/display_7_seg.vhd \
      PB ieee/std_logic_1164 1364358218 PB ieee/NUMERIC_STD 1364358223
AR work/display_7_seg/arch 1491232942 \
      FL C:/Users/aula/Downloads/CompDig/Projeto2/display_7_seg.vhd \
      EN work/display_7_seg 1491232941
FL C:/Users/aula/Downloads/CompDig/Projeto2/d_ff_reset.vhd 2017/03/20.11:38:50 P.58f
EN work/d_ff_reset 1491232939 \
      FL C:/Users/aula/Downloads/CompDig/Projeto2/d_ff_reset.vhd \
      PB ieee/std_logic_1164 1364358218
AR work/d_ff_reset/arch 1491232940 \
      FL C:/Users/aula/Downloads/CompDig/Projeto2/d_ff_reset.vhd \
      EN work/d_ff_reset 1491232939
FL C:/Users/aula/Downloads/CompDig/Projeto2/mod_m_counter.vhd 2017/04/03.11:01:39 P.58f
EN work/mod_m_counter 1491232943 \
      FL C:/Users/aula/Downloads/CompDig/Projeto2/mod_m_counter.vhd \
      PB ieee/std_logic_1164 1364358218 PB ieee/NUMERIC_STD 1364358223
AR work/mod_m_counter/arch 1491232944 \
      FL C:/Users/aula/Downloads/CompDig/Projeto2/mod_m_counter.vhd \
      EN work/mod_m_counter 1491232943
FL C:/Users/aula/Downloads/CompDig/Projeto2/Sche.vhf 2017/04/03.12:22:15 P.58f
EN work/Sche 1491232945 FL C:/Users/aula/Downloads/CompDig/Projeto2/Sche.vhf \
      PB ieee/std_logic_1164 1364358218 PB ieee/NUMERIC_STD 1364358223 LB UNISIM \
      PH unisim/VCOMPONENTS 1364358225
AR work/Sche/BEHAVIORAL 1491232946 \
      FL C:/Users/aula/Downloads/CompDig/Projeto2/Sche.vhf EN work/Sche 1491232945 \
      CP d_ff_reset CP display_7_seg CP INV CP mod_m_counter
