EN procesador_lcd4bits NULL C:/Users/aula/Downloads/CompDig/ExemploLCD/PROCESADOR_LCD4BITS.vhd sub00/vhpl03 1491838313
AR procesador_lcd4bits behavioral C:/Users/aula/Downloads/CompDig/ExemploLCD/PROCESADOR_LCD4BITS.vhd sub00/vhpl04 1491838314
EN exemplo NULL C:/Users/aula/Downloads/CompDig/ExemploLCD/Exemplo.vhd sub00/vhpl02 1491838315
AR exemplo behavioral C:/Users/aula/Downloads/CompDig/ExemploLCD/Exemplo.vhd sub00/vhpl05 1491838316
PH commands_lcd4bits NULL C:/Users/aula/Downloads/CompDig/ExemploLCD/COMMANDS_LCD4BITS.vhd sub00/vhpl00 1491838311
PB commands_lcd4bits commands_lcd4bits C:/Users/aula/Downloads/CompDig/ExemploLCD/COMMANDS_LCD4BITS.vhd sub00/vhpl01 1491838312
