V3 10
FL C:/Users/aula/Downloads/CompDig/ExemploLCD/COMMANDS_LCD4BITS.vhd 2017/04/10.10:15:30 P.58f
PH work/COMMANDS_LCD4BITS 1491838311 \
      FL C:/Users/aula/Downloads/CompDig/ExemploLCD/COMMANDS_LCD4BITS.vhd \
      PB ieee/std_logic_1164 1364358218 PB ieee/NUMERIC_STD 1364358223 \
      PB ieee/STD_LOGIC_UNSIGNED 1364358221
PB work/COMMANDS_LCD4BITS 1491838312 \
      FL C:/Users/aula/Downloads/CompDig/ExemploLCD/COMMANDS_LCD4BITS.vhd \
      PH work/COMMANDS_LCD4BITS 1491838311
FL C:/Users/aula/Downloads/CompDig/ExemploLCD/Exemplo.vhd 2017/04/10.12:31:44 P.58f
EN work/Exemplo 1491838315 \
      FL C:/Users/aula/Downloads/CompDig/ExemploLCD/Exemplo.vhd \
      PB ieee/std_logic_1164 1364358218 PB ieee/NUMERIC_STD 1364358223 \
      PB work/COMMANDS_LCD4BITS 1491838312
AR work/Exemplo/Behavioral 1491838316 \
      FL C:/Users/aula/Downloads/CompDig/ExemploLCD/Exemplo.vhd EN work/Exemplo 1491838315 \
      CP PROCESADOR_LCD4BITS
FL C:/Users/aula/Downloads/CompDig/ExemploLCD/PROCESADOR_LCD4BITS.vhd 2017/04/10.10:21:55 P.58f
EN work/PROCESADOR_LCD4BITS 1491838313 \
      FL C:/Users/aula/Downloads/CompDig/ExemploLCD/PROCESADOR_LCD4BITS.vhd \
      PB ieee/std_logic_1164 1364358218 PB ieee/NUMERIC_STD 1364358223 \
      PB ieee/STD_LOGIC_UNSIGNED 1364358221
AR work/PROCESADOR_LCD4BITS/Behavioral 1491838314 \
      FL C:/Users/aula/Downloads/CompDig/ExemploLCD/PROCESADOR_LCD4BITS.vhd \
      EN work/PROCESADOR_LCD4BITS 1491838313
