AR mod_m_counter arch C:/Users/aula/Desktop/CompDig/CompDig/lab2/Teclado/mod_m_counter.vhd sub00/vhpl01 1494260773
AR modulo_display behavioral C:/Users/aula/Desktop/CompDig/CompDig/lab2/Teclado/Modulo_display.vhd sub00/vhpl09 1494260781
AR decoder_key4x4 behavioral C:/Users/aula/Desktop/CompDig/CompDig/lab2/Teclado/Decoder_key4x4.vhd sub00/vhpl07 1494260779
AR main_lab_2 behavioral C:/Users/aula/Desktop/CompDig/CompDig/lab2/Teclado/main_lab_2.vhd sub00/vhpl21 1494260793
AR d_ff_reset arch C:/Users/aula/Desktop/CompDig/CompDig/lab2/Teclado/d_ff_reset.vhd sub00/vhpl03 1494260775
EN display_7_seg NULL C:/Users/aula/Desktop/CompDig/CompDig/lab2/Teclado/display_7_seg.vhd sub00/vhpl04 1494260776
AR cb16ce_mxilinx_db_fsm behavioral C:/Users/aula/Desktop/CompDig/CompDig/lab2/Teclado/db_fsm.vhf sub00/vhpl15 1494260787
EN ftce_mxilinx_db_fsm NULL C:/Users/aula/Desktop/CompDig/CompDig/lab2/Teclado/db_fsm.vhf sub00/vhpl12 1494260784
AR display_7_seg arch C:/Users/aula/Desktop/CompDig/CompDig/lab2/Teclado/display_7_seg.vhd sub00/vhpl05 1494260777
EN debounce NULL C:/Users/aula/Desktop/CompDig/CompDig/lab2/Teclado/Debounce.vhd sub00/vhpl10 1494260782
AR ftce_mxilinx_db_fsm behavioral C:/Users/aula/Desktop/CompDig/CompDig/lab2/Teclado/db_fsm.vhf sub00/vhpl13 1494260785
EN decoder_key4x4 NULL C:/Users/aula/Desktop/CompDig/CompDig/lab2/Teclado/Decoder_key4x4.vhd sub00/vhpl06 1494260778
EN main_lab_2 NULL C:/Users/aula/Desktop/CompDig/CompDig/lab2/Teclado/main_lab_2.vhd sub00/vhpl20 1494260792
EN cb16ce_mxilinx_db_fsm NULL C:/Users/aula/Desktop/CompDig/CompDig/lab2/Teclado/db_fsm.vhf sub00/vhpl14 1494260786
AR debounce behavioral C:/Users/aula/Desktop/CompDig/CompDig/lab2/Teclado/Debounce.vhd sub00/vhpl11 1494260783
AR db_fsm behavioral C:/Users/aula/Desktop/CompDig/CompDig/lab2/Teclado/db_fsm.vhf sub00/vhpl17 1494260789
EN control_lab2 NULL C:/Users/aula/Desktop/CompDig/CompDig/lab2/Teclado/control_lab2.vhd sub00/vhpl18 1494260790
EN db_fsm NULL C:/Users/aula/Desktop/CompDig/CompDig/lab2/Teclado/db_fsm.vhf sub00/vhpl16 1494260788
EN modulo_display NULL C:/Users/aula/Desktop/CompDig/CompDig/lab2/Teclado/Modulo_display.vhd sub00/vhpl08 1494260780
EN mod_m_counter NULL C:/Users/aula/Desktop/CompDig/CompDig/lab2/Teclado/mod_m_counter.vhd sub00/vhpl00 1494260772
AR control_lab2 behavioral C:/Users/aula/Desktop/CompDig/CompDig/lab2/Teclado/control_lab2.vhd sub00/vhpl19 1494260791
EN d_ff_reset NULL C:/Users/aula/Desktop/CompDig/CompDig/lab2/Teclado/d_ff_reset.vhd sub00/vhpl02 1494260774
