V3 6
FL D:/Repos/compDig/lab2/Teclado/Decoder_key4x4.vhd 2017/04/24.12:45:20 P.58f
EN work/Decoder_key4x4 1493048733 \
      FL D:/Repos/compDig/lab2/Teclado/Decoder_key4x4.vhd PB ieee/std_logic_1164 1364358218
AR work/Decoder_key4x4/Behavioral 1493048734 \
      FL D:/Repos/compDig/lab2/Teclado/Decoder_key4x4.vhd EN work/Decoder_key4x4 1493048733 \
      AR work/mod_m_counter/arch 1493048732
FL D:/Repos/compDig/lab2/Teclado/mod_m_counter.vhd 2017/04/24.10:27:06 P.58f
EN work/mod_m_counter 1493048731 \
      FL D:/Repos/compDig/lab2/Teclado/mod_m_counter.vhd PB ieee/std_logic_1164 1364358218 \
      PB ieee/NUMERIC_STD 1364358223
AR work/mod_m_counter/arch 1493048732 \
      FL D:/Repos/compDig/lab2/Teclado/mod_m_counter.vhd EN work/mod_m_counter 1493048731
